Estraverse was called with default functions: 
[
    [
        {
            "type": "Program",
            "loc": {
                "start": {
                    "line": 1,
                    "column": 0
                },
                "end": {
                    "line": 1,
                    "column": 0
                }
            }
        },
        {
            "enter": "[function: noOp]",
            "leave": "[function: noOp]",
            "fallback": "iteration"
        }
    ]
]
