[
    [
        "(a) => {\nif (true) a = 0;\n}",
        {
            "start": [
                24,
                9
            ],
            "end": [
                26,
                1
            ]
        }
    ]
]
