[
    [
        "() => foo",
        {
            "start": [
                20,
                9
            ],
            "end": [
                22,
                1
            ]
        }
    ]
]
