[
    [
        "function myFunction(foo) {\n    console.log(foo);\n}",
        {
            "start": [
                0,
                0
            ],
            "end": [
                2,
                2
            ]
        }
    ]
]
