[
    [
        "const hi = () => console.log('hi')",
        {
            "start": [
                0,
                0
            ],
            "end": [
                2,
                11
            ]
        }
    ]
]
