[
    [
        "(value) => value",
        {
            "start": [
                2,
                25
            ],
            "end": [
                4,
                1
            ]
        }
    ]
]
