[
    [
        "Unable to locate an appropriate function assignment to convert"
    ]
]
