[
    [
        "aNewFunction(foo)",
        {
            "start": [
                23,
                13
            ],
            "end": [
                23,
                20
            ]
        }
    ],
    [
        "function aNewFunction (foo) {\nreturn foo + 1;\n}\n\n",
        {
            "start": [
                23,
                4
            ],
            "end": [
                23,
                4
            ]
        }
    ]
]
