[
    [
        "aNewFunction(node)",
        {
            "start": [
                43,
                19
            ],
            "end": [
                46,
                17
            ]
        }
    ],
    [
        "function aNewFunction (node) {\nreturn {\n                operatorOk: true,\n                hasStringLiteral: node.type === 'Literal' && typeof node.value === 'string'\n            };\n}\n\n",
        {
            "start": [
                42,
                8
            ],
            "end": [
                42,
                8
            ]
        }
    ]
]
