[
    [
        "aNewFunction(test, foo)",
        {
            "start": [
                23,
                4
            ],
            "end": [
                26,
                5
            ]
        }
    ],
    [
        "function aNewFunction (test, foo) {\nif (test(foo + 1)) {\n        console.log(foo);\n        something([1, 2, 3]);\n    }\n}\n\n",
        {
            "start": [
                23,
                4
            ],
            "end": [
                23,
                4
            ]
        }
    ]
]
