[
    [
        "foo",
        {
            "start": [
                37,
                20
            ],
            "end": [
                39,
                9
            ]
        }
    ],
    [
        "let foo = {\n            baz: 3 + 4\n        };\n\n",
        {
            "start": [
                36,
                4
            ],
            "end": [
                36,
                4
            ]
        }
    ]
]
