[
    [
        "2 + 2",
        {
            "start": [
                29,
                12
            ],
            "end": [
                29,
                15
            ]
        }
    ],
    [
        "",
        {
            "start": [
                27,
                4
            ],
            "end": [
                27,
                22
            ]
        }
    ]
]
