[
    [
        "2 + 2",
        {
            "start": [
                21,
                14
            ],
            "end": [
                21,
                15
            ]
        }
    ],
    [
        "",
        {
            "start": [
                19,
                4
            ],
            "end": [
                19,
                18
            ]
        }
    ]
]
