[
    [
        "Cannot find appropriate function to mark as async."
    ]
]
