[
    [
        "async function namedTestFunction () {\n\n}",
        {
            "start": [
                4,
                0
            ],
            "end": [
                6,
                1
            ]
        }
    ]
]
