[
    [
        "async () => {\n\n}",
        {
            "start": [
                14,
                27
            ],
            "end": [
                16,
                1
            ]
        }
    ]
]
