[
    [
        "async () => null",
        {
            "start": [
                12,
                19
            ],
            "end": [
                12,
                29
            ]
        }
    ]
]
