[
    [
        "async testMethod() {\n        \n    }",
        {
            "start": [
                19,
                4
            ],
            "end": [
                21,
                5
            ]
        }
    ]
]
