[
    [
        "async function () {\n\n}",
        {
            "start": [
                8,
                30
            ],
            "end": [
                10,
                1
            ]
        }
    ]
]
