{
    "type": "Program",
    "body": [
        {
            "type": "VariableDeclaration",
            "declarations": [
                {
                    "type": "VariableDeclarator",
                    "id": {
                        "type": "Identifier",
                        "name": "ipsumText",
                        "range": [
                            4,
                            13
                        ],
                        "loc": {
                            "start": {
                                "line": 1,
                                "column": 4
                            },
                            "end": {
                                "line": 1,
                                "column": 13
                            }
                        }
                    },
                    "init": {
                        "type": "Literal",
                        "raw": "'Lorem ipsum dolor sit amet, consectetur adipiscing elit. Integer nec odio. Praesent libero.'",
                        "value": "Lorem ipsum dolor sit amet, consectetur adipiscing elit. Integer nec odio. Praesent libero.",
                        "range": [
                            16,
                            109
                        ],
                        "loc": {
                            "start": {
                                "line": 1,
                                "column": 16
                            },
                            "end": {
                                "line": 1,
                                "column": 109
                            }
                        }
                    },
                    "range": [
                        4,
                        109
                    ],
                    "loc": {
                        "start": {
                            "line": 1,
                            "column": 4
                        },
                        "end": {
                            "line": 1,
                            "column": 109
                        }
                    }
                }
            ],
            "kind": "var",
            "range": [
                0,
                110
            ],
            "loc": {
                "start": {
                    "line": 1,
                    "column": 0
                },
                "end": {
                    "line": 1,
                    "column": 110
                }
            }
        },
        {
            "type": "ExpressionStatement",
            "expression": {
                "type": "CallExpression",
                "callee": {
                    "type": "MemberExpression",
                    "object": {
                        "type": "Identifier",
                        "name": "ReactDOM",
                        "range": [
                            136,
                            144
                        ],
                        "loc": {
                            "start": {
                                "line": 3,
                                "column": 12
                            },
                            "end": {
                                "line": 3,
                                "column": 20
                            }
                        }
                    },
                    "property": {
                        "type": "Identifier",
                        "name": "render",
                        "range": [
                            145,
                            151
                        ],
                        "loc": {
                            "start": {
                                "line": 3,
                                "column": 21
                            },
                            "end": {
                                "line": 3,
                                "column": 27
                            }
                        }
                    },
                    "computed": false,
                    "range": [
                        136,
                        151
                    ],
                    "loc": {
                        "start": {
                            "line": 3,
                            "column": 12
                        },
                        "end": {
                            "line": 3,
                            "column": 27
                        }
                    }
                },
                "arguments": [
                    {
                        "type": "JSXElement",
                        "openingElement": {
                            "type": "JSXOpeningElement",
                            "selfClosing": false,
                            "name": {
                                "type": "JSXIdentifier",
                                "name": "div",
                                "range": [
                                    168,
                                    171
                                ],
                                "loc": {
                                    "start": {
                                        "line": 4,
                                        "column": 15
                                    },
                                    "end": {
                                        "line": 4,
                                        "column": 18
                                    }
                                }
                            },
                            "attributes": [],
                            "range": [
                                167,
                                172
                            ],
                            "loc": {
                                "start": {
                                    "line": 4,
                                    "column": 14
                                },
                                "end": {
                                    "line": 4,
                                    "column": 19
                                }
                            }
                        },
                        "closingElement": {
                            "type": "JSXClosingElement",
                            "name": {
                                "type": "JSXIdentifier",
                                "name": "div",
                                "range": [
                                    277,
                                    280
                                ],
                                "loc": {
                                    "start": {
                                        "line": 7,
                                        "column": 16
                                    },
                                    "end": {
                                        "line": 7,
                                        "column": 19
                                    }
                                }
                            },
                            "range": [
                                275,
                                281
                            ],
                            "loc": {
                                "start": {
                                    "line": 7,
                                    "column": 14
                                },
                                "end": {
                                    "line": 7,
                                    "column": 20
                                }
                            }
                        },
                        "children": [
                            {
                                "type": "JSXText",
                                "value": "\n                ",
                                "raw": "\n                ",
                                "range": [
                                    172,
                                    189
                                ],
                                "loc": {
                                    "start": {
                                        "line": 4,
                                        "column": 19
                                    },
                                    "end": {
                                        "line": 5,
                                        "column": 16
                                    }
                                }
                            },
                            {
                                "type": "JSXElement",
                                "openingElement": {
                                    "type": "JSXOpeningElement",
                                    "selfClosing": false,
                                    "name": {
                                        "type": "JSXIdentifier",
                                        "name": "a",
                                        "range": [
                                            190,
                                            191
                                        ],
                                        "loc": {
                                            "start": {
                                                "line": 5,
                                                "column": 17
                                            },
                                            "end": {
                                                "line": 5,
                                                "column": 18
                                            }
                                        }
                                    },
                                    "attributes": [
                                        {
                                            "type": "JSXAttribute",
                                            "name": {
                                                "type": "JSXIdentifier",
                                                "name": "className",
                                                "range": [
                                                    192,
                                                    201
                                                ],
                                                "loc": {
                                                    "start": {
                                                        "line": 5,
                                                        "column": 19
                                                    },
                                                    "end": {
                                                        "line": 5,
                                                        "column": 28
                                                    }
                                                }
                                            },
                                            "value": {
                                                "type": "Literal",
                                                "raw": "\"button\"",
                                                "value": "button",
                                                "range": [
                                                    202,
                                                    210
                                                ],
                                                "loc": {
                                                    "start": {
                                                        "line": 5,
                                                        "column": 29
                                                    },
                                                    "end": {
                                                        "line": 5,
                                                        "column": 37
                                                    }
                                                }
                                            },
                                            "range": [
                                                192,
                                                210
                                            ],
                                            "loc": {
                                                "start": {
                                                    "line": 5,
                                                    "column": 19
                                                },
                                                "end": {
                                                    "line": 5,
                                                    "column": 37
                                                }
                                            }
                                        }
                                    ],
                                    "range": [
                                        189,
                                        211
                                    ],
                                    "loc": {
                                        "start": {
                                            "line": 5,
                                            "column": 16
                                        },
                                        "end": {
                                            "line": 5,
                                            "column": 38
                                        }
                                    }
                                },
                                "closingElement": {
                                    "type": "JSXClosingElement",
                                    "name": {
                                        "type": "JSXIdentifier",
                                        "name": "a",
                                        "range": [
                                            219,
                                            220
                                        ],
                                        "loc": {
                                            "start": {
                                                "line": 5,
                                                "column": 46
                                            },
                                            "end": {
                                                "line": 5,
                                                "column": 47
                                            }
                                        }
                                    },
                                    "range": [
                                        217,
                                        221
                                    ],
                                    "loc": {
                                        "start": {
                                            "line": 5,
                                            "column": 44
                                        },
                                        "end": {
                                            "line": 5,
                                            "column": 48
                                        }
                                    }
                                },
                                "children": [
                                    {
                                        "type": "JSXText",
                                        "value": "Button",
                                        "raw": "Button",
                                        "range": [
                                            211,
                                            217
                                        ],
                                        "loc": {
                                            "start": {
                                                "line": 5,
                                                "column": 38
                                            },
                                            "end": {
                                                "line": 5,
                                                "column": 44
                                            }
                                        }
                                    }
                                ],
                                "range": [
                                    189,
                                    221
                                ],
                                "loc": {
                                    "start": {
                                        "line": 5,
                                        "column": 16
                                    },
                                    "end": {
                                        "line": 5,
                                        "column": 48
                                    }
                                }
                            },
                            {
                                "type": "JSXText",
                                "value": "\n                ",
                                "raw": "\n                ",
                                "range": [
                                    221,
                                    238
                                ],
                                "loc": {
                                    "start": {
                                        "line": 5,
                                        "column": 48
                                    },
                                    "end": {
                                        "line": 6,
                                        "column": 16
                                    }
                                }
                            },
                            {
                                "type": "JSXElement",
                                "openingElement": {
                                    "type": "JSXOpeningElement",
                                    "selfClosing": false,
                                    "name": {
                                        "type": "JSXIdentifier",
                                        "name": "div",
                                        "range": [
                                            239,
                                            242
                                        ],
                                        "loc": {
                                            "start": {
                                                "line": 6,
                                                "column": 17
                                            },
                                            "end": {
                                                "line": 6,
                                                "column": 20
                                            }
                                        }
                                    },
                                    "attributes": [],
                                    "range": [
                                        238,
                                        243
                                    ],
                                    "loc": {
                                        "start": {
                                            "line": 6,
                                            "column": 16
                                        },
                                        "end": {
                                            "line": 6,
                                            "column": 21
                                        }
                                    }
                                },
                                "closingElement": {
                                    "type": "JSXClosingElement",
                                    "name": {
                                        "type": "JSXIdentifier",
                                        "name": "div",
                                        "range": [
                                            256,
                                            259
                                        ],
                                        "loc": {
                                            "start": {
                                                "line": 6,
                                                "column": 34
                                            },
                                            "end": {
                                                "line": 6,
                                                "column": 37
                                            }
                                        }
                                    },
                                    "range": [
                                        254,
                                        260
                                    ],
                                    "loc": {
                                        "start": {
                                            "line": 6,
                                            "column": 32
                                        },
                                        "end": {
                                            "line": 6,
                                            "column": 38
                                        }
                                    }
                                },
                                "children": [
                                    {
                                        "type": "JSXExpressionContainer",
                                        "expression": {
                                            "type": "Identifier",
                                            "name": "ipsumText",
                                            "range": [
                                                244,
                                                253
                                            ],
                                            "loc": {
                                                "start": {
                                                    "line": 6,
                                                    "column": 22
                                                },
                                                "end": {
                                                    "line": 6,
                                                    "column": 31
                                                }
                                            }
                                        },
                                        "range": [
                                            243,
                                            254
                                        ],
                                        "loc": {
                                            "start": {
                                                "line": 6,
                                                "column": 21
                                            },
                                            "end": {
                                                "line": 6,
                                                "column": 32
                                            }
                                        }
                                    }
                                ],
                                "range": [
                                    238,
                                    260
                                ],
                                "loc": {
                                    "start": {
                                        "line": 6,
                                        "column": 16
                                    },
                                    "end": {
                                        "line": 6,
                                        "column": 38
                                    }
                                }
                            },
                            {
                                "type": "JSXText",
                                "value": "\n              ",
                                "raw": "\n              ",
                                "range": [
                                    260,
                                    275
                                ],
                                "loc": {
                                    "start": {
                                        "line": 6,
                                        "column": 38
                                    },
                                    "end": {
                                        "line": 7,
                                        "column": 14
                                    }
                                }
                            }
                        ],
                        "range": [
                            167,
                            281
                        ],
                        "loc": {
                            "start": {
                                "line": 4,
                                "column": 14
                            },
                            "end": {
                                "line": 7,
                                "column": 20
                            }
                        }
                    },
                    {
                        "type": "CallExpression",
                        "callee": {
                            "type": "MemberExpression",
                            "object": {
                                "type": "Identifier",
                                "name": "document",
                                "range": [
                                    297,
                                    305
                                ],
                                "loc": {
                                    "start": {
                                        "line": 8,
                                        "column": 14
                                    },
                                    "end": {
                                        "line": 8,
                                        "column": 22
                                    }
                                }
                            },
                            "property": {
                                "type": "Identifier",
                                "name": "getElementById",
                                "range": [
                                    306,
                                    320
                                ],
                                "loc": {
                                    "start": {
                                        "line": 8,
                                        "column": 23
                                    },
                                    "end": {
                                        "line": 8,
                                        "column": 37
                                    }
                                }
                            },
                            "computed": false,
                            "range": [
                                297,
                                320
                            ],
                            "loc": {
                                "start": {
                                    "line": 8,
                                    "column": 14
                                },
                                "end": {
                                    "line": 8,
                                    "column": 37
                                }
                            }
                        },
                        "arguments": [
                            {
                                "type": "Literal",
                                "raw": "'impl'",
                                "value": "impl",
                                "range": [
                                    321,
                                    327
                                ],
                                "loc": {
                                    "start": {
                                        "line": 8,
                                        "column": 38
                                    },
                                    "end": {
                                        "line": 8,
                                        "column": 44
                                    }
                                }
                            }
                        ],
                        "range": [
                            297,
                            328
                        ],
                        "loc": {
                            "start": {
                                "line": 8,
                                "column": 14
                            },
                            "end": {
                                "line": 8,
                                "column": 45
                            }
                        }
                    }
                ],
                "range": [
                    136,
                    342
                ],
                "loc": {
                    "start": {
                        "line": 3,
                        "column": 12
                    },
                    "end": {
                        "line": 9,
                        "column": 13
                    }
                }
            },
            "range": [
                136,
                343
            ],
            "loc": {
                "start": {
                    "line": 3,
                    "column": 12
                },
                "end": {
                    "line": 9,
                    "column": 14
                }
            }
        }
    ],
    "sourceType": "script",
    "range": [
        0,
        343
    ],
    "loc": {
        "start": {
            "line": 1,
            "column": 0
        },
        "end": {
            "line": 9,
            "column": 14
        }
    }
}
