{
    "type": "Program",
    "start": 0,
    "end": 97,
    "loc": {
        "start": {
            "line": 1,
            "column": 0
        },
        "end": {
            "line": 4,
            "column": 32
        }
    },
    "body": [
        {
            "type": "ExpressionStatement",
            "start": 0,
            "end": 13,
            "loc": {
                "start": {
                    "line": 1,
                    "column": 0
                },
                "end": {
                    "line": 1,
                    "column": 13
                }
            },
            "expression": {
                "type": "Literal",
                "start": 0,
                "end": 12,
                "loc": {
                    "start": {
                        "line": 1,
                        "column": 0
                    },
                    "end": {
                        "line": 1,
                        "column": 12
                    }
                },
                "value": "use strict",
                "raw": "'use strict'"
            },
            "directive": "use strict"
        },
        {
            "type": "VariableDeclaration",
            "start": 39,
            "end": 64,
            "loc": {
                "start": {
                    "line": 3,
                    "column": 12
                },
                "end": {
                    "line": 3,
                    "column": 37
                }
            },
            "declarations": [
                {
                    "type": "VariableDeclarator",
                    "start": 45,
                    "end": 63,
                    "loc": {
                        "start": {
                            "line": 3,
                            "column": 18
                        },
                        "end": {
                            "line": 3,
                            "column": 36
                        }
                    },
                    "id": {
                        "type": "Identifier",
                        "start": 45,
                        "end": 49,
                        "loc": {
                            "start": {
                                "line": 3,
                                "column": 18
                            },
                            "end": {
                                "line": 3,
                                "column": 22
                            }
                        },
                        "name": "myFn"
                    },
                    "init": {
                        "type": "ArrowFunctionExpression",
                        "start": 52,
                        "end": 63,
                        "loc": {
                            "start": {
                                "line": 3,
                                "column": 25
                            },
                            "end": {
                                "line": 3,
                                "column": 36
                            }
                        },
                        "id": null,
                        "expression": true,
                        "generator": false,
                        "async": false,
                        "params": [],
                        "body": {
                            "type": "Literal",
                            "start": 58,
                            "end": 63,
                            "loc": {
                                "start": {
                                    "line": 3,
                                    "column": 31
                                },
                                "end": {
                                    "line": 3,
                                    "column": 36
                                }
                            },
                            "value": "foo",
                            "raw": "'foo'"
                        }
                    }
                }
            ],
            "kind": "const"
        },
        {
            "type": "ExpressionStatement",
            "start": 77,
            "end": 97,
            "loc": {
                "start": {
                    "line": 4,
                    "column": 12
                },
                "end": {
                    "line": 4,
                    "column": 32
                }
            },
            "expression": {
                "type": "CallExpression",
                "start": 77,
                "end": 96,
                "loc": {
                    "start": {
                        "line": 4,
                        "column": 12
                    },
                    "end": {
                        "line": 4,
                        "column": 31
                    }
                },
                "callee": {
                    "type": "MemberExpression",
                    "start": 77,
                    "end": 88,
                    "loc": {
                        "start": {
                            "line": 4,
                            "column": 12
                        },
                        "end": {
                            "line": 4,
                            "column": 23
                        }
                    },
                    "object": {
                        "type": "Identifier",
                        "start": 77,
                        "end": 84,
                        "loc": {
                            "start": {
                                "line": 4,
                                "column": 12
                            },
                            "end": {
                                "line": 4,
                                "column": 19
                            }
                        },
                        "name": "console"
                    },
                    "property": {
                        "type": "Identifier",
                        "start": 85,
                        "end": 88,
                        "loc": {
                            "start": {
                                "line": 4,
                                "column": 20
                            },
                            "end": {
                                "line": 4,
                                "column": 23
                            }
                        },
                        "name": "log"
                    },
                    "computed": false
                },
                "arguments": [
                    {
                        "type": "CallExpression",
                        "start": 89,
                        "end": 95,
                        "loc": {
                            "start": {
                                "line": 4,
                                "column": 24
                            },
                            "end": {
                                "line": 4,
                                "column": 30
                            }
                        },
                        "callee": {
                            "type": "Identifier",
                            "start": 89,
                            "end": 93,
                            "loc": {
                                "start": {
                                    "line": 4,
                                    "column": 24
                                },
                                "end": {
                                    "line": 4,
                                    "column": 28
                                }
                            },
                            "name": "myFn"
                        },
                        "arguments": []
                    }
                ]
            }
        }
    ],
    "sourceType": "script"
}
