{
    "type": "Program",
    "start": 0,
    "end": 386,
    "loc": {
        "start": {
            "line": 1,
            "column": 0
        },
        "end": {
            "line": 16,
            "column": 25
        }
    },
    "body": [
        {
            "type": "ImportDeclaration",
            "start": 0,
            "end": 34,
            "loc": {
                "start": {
                    "line": 1,
                    "column": 0
                },
                "end": {
                    "line": 1,
                    "column": 34
                }
            },
            "specifiers": [
                {
                    "type": "ImportSpecifier",
                    "start": 9,
                    "end": 18,
                    "loc": {
                        "start": {
                            "line": 1,
                            "column": 9
                        },
                        "end": {
                            "line": 1,
                            "column": 18
                        }
                    },
                    "imported": {
                        "type": "Identifier",
                        "start": 9,
                        "end": 18,
                        "loc": {
                            "start": {
                                "line": 1,
                                "column": 9
                            },
                            "end": {
                                "line": 1,
                                "column": 18
                            }
                        },
                        "name": "Component"
                    },
                    "local": {
                        "type": "Identifier",
                        "start": 9,
                        "end": 18,
                        "loc": {
                            "start": {
                                "line": 1,
                                "column": 9
                            },
                            "end": {
                                "line": 1,
                                "column": 18
                            }
                        },
                        "name": "Component"
                    }
                }
            ],
            "source": {
                "type": "Literal",
                "start": 26,
                "end": 33,
                "loc": {
                    "start": {
                        "line": 1,
                        "column": 26
                    },
                    "end": {
                        "line": 1,
                        "column": 33
                    }
                },
                "value": "react",
                "raw": "'react'"
            }
        },
        {
            "type": "VariableDeclaration",
            "start": 36,
            "end": 146,
            "loc": {
                "start": {
                    "line": 3,
                    "column": 0
                },
                "end": {
                    "line": 3,
                    "column": 110
                }
            },
            "declarations": [
                {
                    "type": "VariableDeclarator",
                    "start": 40,
                    "end": 145,
                    "loc": {
                        "start": {
                            "line": 3,
                            "column": 4
                        },
                        "end": {
                            "line": 3,
                            "column": 109
                        }
                    },
                    "id": {
                        "type": "Identifier",
                        "start": 40,
                        "end": 49,
                        "loc": {
                            "start": {
                                "line": 3,
                                "column": 4
                            },
                            "end": {
                                "line": 3,
                                "column": 13
                            }
                        },
                        "name": "ipsumText"
                    },
                    "init": {
                        "type": "Literal",
                        "start": 52,
                        "end": 145,
                        "loc": {
                            "start": {
                                "line": 3,
                                "column": 16
                            },
                            "end": {
                                "line": 3,
                                "column": 109
                            }
                        },
                        "value": "Lorem ipsum dolor sit amet, consectetur adipiscing elit. Integer nec odio. Praesent libero.",
                        "raw": "'Lorem ipsum dolor sit amet, consectetur adipiscing elit. Integer nec odio. Praesent libero.'"
                    }
                }
            ],
            "kind": "var"
        },
        {
            "type": "ClassDeclaration",
            "start": 148,
            "end": 359,
            "loc": {
                "start": {
                    "line": 5,
                    "column": 0
                },
                "end": {
                    "line": 14,
                    "column": 1
                }
            },
            "id": {
                "type": "Identifier",
                "start": 154,
                "end": 163,
                "loc": {
                    "start": {
                        "line": 5,
                        "column": 6
                    },
                    "end": {
                        "line": 5,
                        "column": 15
                    }
                },
                "name": "TestClass"
            },
            "superClass": {
                "type": "Identifier",
                "start": 172,
                "end": 181,
                "loc": {
                    "start": {
                        "line": 5,
                        "column": 24
                    },
                    "end": {
                        "line": 5,
                        "column": 33
                    }
                },
                "name": "Component"
            },
            "body": {
                "type": "ClassBody",
                "start": 182,
                "end": 359,
                "loc": {
                    "start": {
                        "line": 5,
                        "column": 34
                    },
                    "end": {
                        "line": 14,
                        "column": 1
                    }
                },
                "body": [
                    {
                        "type": "MethodDefinition",
                        "start": 188,
                        "end": 356,
                        "loc": {
                            "start": {
                                "line": 6,
                                "column": 4
                            },
                            "end": {
                                "line": 13,
                                "column": 5
                            }
                        },
                        "kind": "method",
                        "static": false,
                        "computed": false,
                        "key": {
                            "type": "Identifier",
                            "start": 188,
                            "end": 194,
                            "loc": {
                                "start": {
                                    "line": 6,
                                    "column": 4
                                },
                                "end": {
                                    "line": 6,
                                    "column": 10
                                }
                            },
                            "name": "render"
                        },
                        "value": {
                            "type": "FunctionExpression",
                            "start": 194,
                            "end": 356,
                            "loc": {
                                "start": {
                                    "line": 6,
                                    "column": 10
                                },
                                "end": {
                                    "line": 13,
                                    "column": 5
                                }
                            },
                            "id": null,
                            "expression": false,
                            "generator": false,
                            "async": false,
                            "params": [],
                            "body": {
                                "type": "BlockStatement",
                                "start": 197,
                                "end": 356,
                                "loc": {
                                    "start": {
                                        "line": 6,
                                        "column": 13
                                    },
                                    "end": {
                                        "line": 13,
                                        "column": 5
                                    }
                                },
                                "body": [
                                    {
                                        "type": "ReturnStatement",
                                        "start": 207,
                                        "end": 350,
                                        "loc": {
                                            "start": {
                                                "line": 7,
                                                "column": 8
                                            },
                                            "end": {
                                                "line": 12,
                                                "column": 9
                                            }
                                        },
                                        "argument": {
                                            "type": "JSXElement",
                                            "start": 228,
                                            "end": 340,
                                            "loc": {
                                                "start": {
                                                    "line": 8,
                                                    "column": 12
                                                },
                                                "end": {
                                                    "line": 11,
                                                    "column": 18
                                                }
                                            },
                                            "openingElement": {
                                                "type": "JSXOpeningElement",
                                                "start": 228,
                                                "end": 233,
                                                "loc": {
                                                    "start": {
                                                        "line": 8,
                                                        "column": 12
                                                    },
                                                    "end": {
                                                        "line": 8,
                                                        "column": 17
                                                    }
                                                },
                                                "attributes": [],
                                                "name": {
                                                    "type": "JSXIdentifier",
                                                    "start": 229,
                                                    "end": 232,
                                                    "loc": {
                                                        "start": {
                                                            "line": 8,
                                                            "column": 13
                                                        },
                                                        "end": {
                                                            "line": 8,
                                                            "column": 16
                                                        }
                                                    },
                                                    "name": "div"
                                                },
                                                "selfClosing": false
                                            },
                                            "closingElement": {
                                                "type": "JSXClosingElement",
                                                "start": 334,
                                                "end": 340,
                                                "loc": {
                                                    "start": {
                                                        "line": 11,
                                                        "column": 12
                                                    },
                                                    "end": {
                                                        "line": 11,
                                                        "column": 18
                                                    }
                                                },
                                                "name": {
                                                    "type": "JSXIdentifier",
                                                    "start": 336,
                                                    "end": 339,
                                                    "loc": {
                                                        "start": {
                                                            "line": 11,
                                                            "column": 14
                                                        },
                                                        "end": {
                                                            "line": 11,
                                                            "column": 17
                                                        }
                                                    },
                                                    "name": "div"
                                                }
                                            },
                                            "children": [
                                                {
                                                    "type": "JSXText",
                                                    "start": 233,
                                                    "end": 250,
                                                    "loc": {
                                                        "start": {
                                                            "line": 8,
                                                            "column": 17
                                                        },
                                                        "end": {
                                                            "line": 9,
                                                            "column": 16
                                                        }
                                                    },
                                                    "value": "\n                ",
                                                    "raw": "\n                "
                                                },
                                                {
                                                    "type": "JSXElement",
                                                    "start": 250,
                                                    "end": 282,
                                                    "loc": {
                                                        "start": {
                                                            "line": 9,
                                                            "column": 16
                                                        },
                                                        "end": {
                                                            "line": 9,
                                                            "column": 48
                                                        }
                                                    },
                                                    "openingElement": {
                                                        "type": "JSXOpeningElement",
                                                        "start": 250,
                                                        "end": 272,
                                                        "loc": {
                                                            "start": {
                                                                "line": 9,
                                                                "column": 16
                                                            },
                                                            "end": {
                                                                "line": 9,
                                                                "column": 38
                                                            }
                                                        },
                                                        "attributes": [
                                                            {
                                                                "type": "JSXAttribute",
                                                                "start": 253,
                                                                "end": 271,
                                                                "loc": {
                                                                    "start": {
                                                                        "line": 9,
                                                                        "column": 19
                                                                    },
                                                                    "end": {
                                                                        "line": 9,
                                                                        "column": 37
                                                                    }
                                                                },
                                                                "name": {
                                                                    "type": "JSXIdentifier",
                                                                    "start": 253,
                                                                    "end": 262,
                                                                    "loc": {
                                                                        "start": {
                                                                            "line": 9,
                                                                            "column": 19
                                                                        },
                                                                        "end": {
                                                                            "line": 9,
                                                                            "column": 28
                                                                        }
                                                                    },
                                                                    "name": "className"
                                                                },
                                                                "value": {
                                                                    "type": "Literal",
                                                                    "start": 263,
                                                                    "end": 271,
                                                                    "loc": {
                                                                        "start": {
                                                                            "line": 9,
                                                                            "column": 29
                                                                        },
                                                                        "end": {
                                                                            "line": 9,
                                                                            "column": 37
                                                                        }
                                                                    },
                                                                    "value": "button",
                                                                    "raw": "\"button\""
                                                                }
                                                            }
                                                        ],
                                                        "name": {
                                                            "type": "JSXIdentifier",
                                                            "start": 251,
                                                            "end": 252,
                                                            "loc": {
                                                                "start": {
                                                                    "line": 9,
                                                                    "column": 17
                                                                },
                                                                "end": {
                                                                    "line": 9,
                                                                    "column": 18
                                                                }
                                                            },
                                                            "name": "a"
                                                        },
                                                        "selfClosing": false
                                                    },
                                                    "closingElement": {
                                                        "type": "JSXClosingElement",
                                                        "start": 278,
                                                        "end": 282,
                                                        "loc": {
                                                            "start": {
                                                                "line": 9,
                                                                "column": 44
                                                            },
                                                            "end": {
                                                                "line": 9,
                                                                "column": 48
                                                            }
                                                        },
                                                        "name": {
                                                            "type": "JSXIdentifier",
                                                            "start": 280,
                                                            "end": 281,
                                                            "loc": {
                                                                "start": {
                                                                    "line": 9,
                                                                    "column": 46
                                                                },
                                                                "end": {
                                                                    "line": 9,
                                                                    "column": 47
                                                                }
                                                            },
                                                            "name": "a"
                                                        }
                                                    },
                                                    "children": [
                                                        {
                                                            "type": "JSXText",
                                                            "start": 272,
                                                            "end": 278,
                                                            "loc": {
                                                                "start": {
                                                                    "line": 9,
                                                                    "column": 38
                                                                },
                                                                "end": {
                                                                    "line": 9,
                                                                    "column": 44
                                                                }
                                                            },
                                                            "value": "Button",
                                                            "raw": "Button",
                                                            "bigint": "Butto"
                                                        }
                                                    ]
                                                },
                                                {
                                                    "type": "JSXText",
                                                    "start": 282,
                                                    "end": 299,
                                                    "loc": {
                                                        "start": {
                                                            "line": 9,
                                                            "column": 48
                                                        },
                                                        "end": {
                                                            "line": 10,
                                                            "column": 16
                                                        }
                                                    },
                                                    "value": "\n                ",
                                                    "raw": "\n                "
                                                },
                                                {
                                                    "type": "JSXElement",
                                                    "start": 299,
                                                    "end": 321,
                                                    "loc": {
                                                        "start": {
                                                            "line": 10,
                                                            "column": 16
                                                        },
                                                        "end": {
                                                            "line": 10,
                                                            "column": 38
                                                        }
                                                    },
                                                    "openingElement": {
                                                        "type": "JSXOpeningElement",
                                                        "start": 299,
                                                        "end": 304,
                                                        "loc": {
                                                            "start": {
                                                                "line": 10,
                                                                "column": 16
                                                            },
                                                            "end": {
                                                                "line": 10,
                                                                "column": 21
                                                            }
                                                        },
                                                        "attributes": [],
                                                        "name": {
                                                            "type": "JSXIdentifier",
                                                            "start": 300,
                                                            "end": 303,
                                                            "loc": {
                                                                "start": {
                                                                    "line": 10,
                                                                    "column": 17
                                                                },
                                                                "end": {
                                                                    "line": 10,
                                                                    "column": 20
                                                                }
                                                            },
                                                            "name": "div"
                                                        },
                                                        "selfClosing": false
                                                    },
                                                    "closingElement": {
                                                        "type": "JSXClosingElement",
                                                        "start": 315,
                                                        "end": 321,
                                                        "loc": {
                                                            "start": {
                                                                "line": 10,
                                                                "column": 32
                                                            },
                                                            "end": {
                                                                "line": 10,
                                                                "column": 38
                                                            }
                                                        },
                                                        "name": {
                                                            "type": "JSXIdentifier",
                                                            "start": 317,
                                                            "end": 320,
                                                            "loc": {
                                                                "start": {
                                                                    "line": 10,
                                                                    "column": 34
                                                                },
                                                                "end": {
                                                                    "line": 10,
                                                                    "column": 37
                                                                }
                                                            },
                                                            "name": "div"
                                                        }
                                                    },
                                                    "children": [
                                                        {
                                                            "type": "JSXExpressionContainer",
                                                            "start": 304,
                                                            "end": 315,
                                                            "loc": {
                                                                "start": {
                                                                    "line": 10,
                                                                    "column": 21
                                                                },
                                                                "end": {
                                                                    "line": 10,
                                                                    "column": 32
                                                                }
                                                            },
                                                            "expression": {
                                                                "type": "Identifier",
                                                                "start": 305,
                                                                "end": 314,
                                                                "loc": {
                                                                    "start": {
                                                                        "line": 10,
                                                                        "column": 22
                                                                    },
                                                                    "end": {
                                                                        "line": 10,
                                                                        "column": 31
                                                                    }
                                                                },
                                                                "name": "ipsumText"
                                                            }
                                                        }
                                                    ]
                                                },
                                                {
                                                    "type": "JSXText",
                                                    "start": 321,
                                                    "end": 334,
                                                    "loc": {
                                                        "start": {
                                                            "line": 10,
                                                            "column": 38
                                                        },
                                                        "end": {
                                                            "line": 11,
                                                            "column": 12
                                                        }
                                                    },
                                                    "value": "\n            ",
                                                    "raw": "\n            "
                                                }
                                            ]
                                        }
                                    }
                                ]
                            }
                        }
                    }
                ]
            }
        },
        {
            "type": "ExportDefaultDeclaration",
            "start": 361,
            "end": 386,
            "loc": {
                "start": {
                    "line": 16,
                    "column": 0
                },
                "end": {
                    "line": 16,
                    "column": 25
                }
            },
            "declaration": {
                "type": "Identifier",
                "start": 376,
                "end": 385,
                "loc": {
                    "start": {
                        "line": 16,
                        "column": 15
                    },
                    "end": {
                        "line": 16,
                        "column": 24
                    }
                },
                "name": "TestClass"
            }
        }
    ],
    "sourceType": "module"
}
